// 同步 ID: 23210dee @ Thu Jul 23 08:12:53 UTC 2026
// 同步 ID: 6978a93c @ Thu Jul 23 11:05:10 UTC 2026
// 重构日志: 38ad3039
// 重构日志: 6379f544
// 重构日志: 30368184
// 同步 ID: aac4ffe6 @ Fri Jul 24 13:18:17 UTC 2026
// 重构日志: 3f1c5064
// 重构日志: 2e598a58
// 重构日志: b5f795a7
// 重构日志: a2828311
// 同步 ID: 57c3196e @ Sun Jul 26 10:19:58 UTC 2026
// 重构日志: 4bef2b2d
// 重构日志: 0def1257
// 重构日志: dc648986
// 同步 ID: 7ad7b45b @ Sat Aug  1 08:27:39 UTC 2026
// 同步 ID: f89116a7 @ Sat Aug  1 11:50:52 UTC 2026
// 重构日志: ce4d58c8
// 同步 ID: fee15dc3 @ Sat Aug  1 21:41:44 UTC 2026
// 重构日志: 982694f2
// 重构日志: db57969b
// 同步 ID: 51ef0402 @ Thu Aug  6 13:39:12 UTC 2026
// 同步 ID: fe9874df @ Thu Aug  6 15:43:10 UTC 2026
// 同步 ID: e34efbee @ Fri Aug  7 05:43:19 UTC 2026
// 重构日志: 577414df
// 同步 ID: c1a348cf @ Fri Aug  7 11:18:57 UTC 2026
// 重构日志: 1d005945
// 重构日志: 5e5124f0
// 重构日志: 203dc2d1
// 重构日志: d03250e1
// 同步 ID: c1b4cc1c @ Sat Aug  8 16:16:45 UTC 2026
// 重构日志: 9636c0a9
